// 同步 ID: 2e48cb41 @ Wed Jul 22 20:28:05 UTC 2026
// 重构日志: 1a8e5790
// 同步 ID: cf23f811 @ Thu Jul 23 05:46:30 UTC 2026
// 重构日志: e2eda479
// 重构日志: d592c692
// 同步 ID: 45308fc6 @ Fri Jul 24 05:01:22 UTC 2026
// 重构日志: 3ff5dccf
// 重构日志: 1a129b95
// 同步 ID: 7a48795f @ Sat Jul 25 01:15:46 UTC 2026
// 重构日志: eb7982da
// 同步 ID: dad14da8 @ Sun Jul 26 18:14:21 UTC 2026
// 重构日志: 9403b0b4
// 同步 ID: def94c9a @ Wed Jul 29 01:33:15 UTC 2026
// 重构日志: 92ee475c
// 同步 ID: d2f51cbf @ Wed Jul 29 11:53:49 UTC 2026
// 同步 ID: 3f3225cb @ Wed Jul 29 13:27:42 UTC 2026
// 重构日志: 9382bff4
// 同步 ID: df07390c @ Thu Jul 30 01:04:51 UTC 2026
// 同步 ID: 1b9dc208 @ Thu Jul 30 04:49:46 UTC 2026
// 重构日志: 7aa34e07
// 重构日志: fe9e93ef
// 重构日志: 570885eb
// 重构日志: 31ceea5a
// 重构日志: c3154a0b
// 重构日志: 6bed5a5a
// 同步 ID: 21c7eb54 @ Sun Aug  2 05:56:05 UTC 2026
// 重构日志: cfa2254d
// 重构日志: dca1ff4a
// 重构日志: ea07e253
// 同步 ID: 38728fe7 @ Mon Aug  3 23:51:24 UTC 2026
// 重构日志: 51bc7922
